// Jest Snapshot v1, https://goo.gl/fbAQLP

exports[`Test Book render Render 1`] = `ShallowWrapper {}`;
