// Jest Snapshot v1, https://goo.gl/fbAQLP

exports[`Test Detail Book render Render 1`] = `ShallowWrapper {}`;
