// Jest Snapshot v1, https://goo.gl/fbAQLP

exports[`Test New Book render Render 1`] = `ShallowWrapper {}`;
